<!doctype html public "-//w3c//dtd html 4.0 transitional//en">
<html><head>
<title>Static Call Graph - [.\Objects\WirelessCharge.axf]</title></head>
<body><HR>
<H1>Static Call Graph for image .\Objects\WirelessCharge.axf</H1><HR>
<BR><P>#&#060CALLGRAPH&#062# ARM Linker, 5060422: Last Updated: Fri Nov 17 09:37:48 2017
<BR><P>
<H3>Maximum Stack Usage =         48 bytes + Unknown(Cycles, Untraceable Function Pointers)</H3><H3>
Call chain for Maximum Stack Depth:</H3>
main &rArr; BSP_Init &rArr; UART_Init &rArr; __2printf
<P>
<H3>
Mutually Recursive functions
</H3> <LI><a href="#[1]">NMI_Handler</a>&nbsp;&nbsp;&nbsp;&rArr;&nbsp;&nbsp;&nbsp;<a href="#[1]">NMI_Handler</a><BR>
 <LI><a href="#[2]">HardFault_Handler</a>&nbsp;&nbsp;&nbsp;&rArr;&nbsp;&nbsp;&nbsp;<a href="#[2]">HardFault_Handler</a><BR>
 <LI><a href="#[3]">SVC_Handler</a>&nbsp;&nbsp;&nbsp;&rArr;&nbsp;&nbsp;&nbsp;<a href="#[3]">SVC_Handler</a><BR>
 <LI><a href="#[4]">PendSV_Handler</a>&nbsp;&nbsp;&nbsp;&rArr;&nbsp;&nbsp;&nbsp;<a href="#[4]">PendSV_Handler</a><BR>
 <LI><a href="#[f]">ADC_IRQHandler</a>&nbsp;&nbsp;&nbsp;&rArr;&nbsp;&nbsp;&nbsp;<a href="#[f]">ADC_IRQHandler</a><BR>
</UL>
<P>
<H3>
Function Pointers
</H3><UL>
 <LI><a href="#[f]">ADC_IRQHandler</a> from startup_gvm32f030.o(.text) referenced from startup_gvm32f030.o(RESET)
 <LI><a href="#[11]">BOD_IRQHandler</a> from startup_gvm32f030.o(.text) referenced from startup_gvm32f030.o(RESET)
 <LI><a href="#[12]">GPIOA_IRQHandler</a> from startup_gvm32f030.o(.text) referenced from startup_gvm32f030.o(RESET)
 <LI><a href="#[13]">GPIOB_IRQHandler</a> from startup_gvm32f030.o(.text) referenced from startup_gvm32f030.o(RESET)
 <LI><a href="#[14]">GPIOC_IRQHandler</a> from startup_gvm32f030.o(.text) referenced from startup_gvm32f030.o(RESET)
 <LI><a href="#[2]">HardFault_Handler</a> from startup_gvm32f030.o(.text) referenced from startup_gvm32f030.o(RESET)
 <LI><a href="#[8]">I2C_IRQHandler</a> from startup_gvm32f030.o(.text) referenced from startup_gvm32f030.o(RESET)
 <LI><a href="#[1]">NMI_Handler</a> from startup_gvm32f030.o(.text) referenced from startup_gvm32f030.o(RESET)
 <LI><a href="#[7]">PWM_Fault_IRQHandler</a> from startup_gvm32f030.o(.text) referenced from startup_gvm32f030.o(RESET)
 <LI><a href="#[17]">PWM_Reload_IRQHandler</a> from startup_gvm32f030.o(.text) referenced from startup_gvm32f030.o(RESET)
 <LI><a href="#[4]">PendSV_Handler</a> from startup_gvm32f030.o(.text) referenced from startup_gvm32f030.o(RESET)
 <LI><a href="#[15]">RTC_IRQHandler</a> from startup_gvm32f030.o(.text) referenced from startup_gvm32f030.o(RESET)
 <LI><a href="#[0]">Reset_Handler</a> from startup_gvm32f030.o(.text) referenced from startup_gvm32f030.o(RESET)
 <LI><a href="#[16]">SPI_IRQHandler</a> from startup_gvm32f030.o(.text) referenced from startup_gvm32f030.o(RESET)
 <LI><a href="#[3]">SVC_Handler</a> from startup_gvm32f030.o(.text) referenced from startup_gvm32f030.o(RESET)
 <LI><a href="#[5]">SysTick_Handler</a> from systick.o(i.SysTick_Handler) referenced from startup_gvm32f030.o(RESET)
 <LI><a href="#[19]">SystemInit</a> from system_gvm32f030.o(i.SystemInit) referenced from startup_gvm32f030.o(.text)
 <LI><a href="#[9]">TIM0_IRQHandler</a> from startup_gvm32f030.o(.text) referenced from startup_gvm32f030.o(RESET)
 <LI><a href="#[a]">TIM1_IRQHandler</a> from startup_gvm32f030.o(.text) referenced from startup_gvm32f030.o(RESET)
 <LI><a href="#[b]">TIM2_IRQHandler</a> from startup_gvm32f030.o(.text) referenced from startup_gvm32f030.o(RESET)
 <LI><a href="#[c]">TIM3_IRQHandler</a> from startup_gvm32f030.o(.text) referenced from startup_gvm32f030.o(RESET)
 <LI><a href="#[d]">UART0_IRQHandler</a> from startup_gvm32f030.o(.text) referenced from startup_gvm32f030.o(RESET)
 <LI><a href="#[e]">UART1_IRQHandler</a> from startup_gvm32f030.o(.text) referenced from startup_gvm32f030.o(RESET)
 <LI><a href="#[10]">WDT_IRQHandler</a> from startup_gvm32f030.o(.text) referenced from startup_gvm32f030.o(RESET)
 <LI><a href="#[6]">WakeUp_IRQHandler</a> from startup_gvm32f030.o(.text) referenced from startup_gvm32f030.o(RESET)
 <LI><a href="#[1a]">__main</a> from entry.o(.ARM.Collect$$$$00000000) referenced from startup_gvm32f030.o(.text)
 <LI><a href="#[1b]">fputc</a> from uart.o(i.fputc) referenced from printf4.o(i.__0printf$4)
 <LI><a href="#[18]">main</a> from main.o(i.main) referenced from entry9a.o(.ARM.Collect$$$$0000000B)
</UL>
<P>
<H3>
Global Symbols
</H3>
<P><STRONG><a name="[1a]"></a>__main</STRONG> (Thumb, 0 bytes, Stack size unknown bytes, entry.o(.ARM.Collect$$$$00000000))
<BR>[Address Reference Count : 1]<UL><LI> startup_gvm32f030.o(.text)
</UL>
<P><STRONG><a name="[2f]"></a>_main_stk</STRONG> (Thumb, 0 bytes, Stack size unknown bytes, entry2.o(.ARM.Collect$$$$00000001))

<P><STRONG><a name="[1c]"></a>_main_scatterload</STRONG> (Thumb, 0 bytes, Stack size unknown bytes, entry5.o(.ARM.Collect$$$$00000004))
<BR><BR>[Calls]<UL><LI><a href="#[1d]">&gt;&gt;</a>&nbsp;&nbsp;&nbsp;__scatterload
</UL>

<P><STRONG><a name="[21]"></a>__main_after_scatterload</STRONG> (Thumb, 0 bytes, Stack size unknown bytes, entry5.o(.ARM.Collect$$$$00000004))
<BR><BR>[Called By]<UL><LI><a href="#[1d]">&gt;&gt;</a>&nbsp;&nbsp;&nbsp;__scatterload
</UL>

<P><STRONG><a name="[30]"></a>_main_clock</STRONG> (Thumb, 0 bytes, Stack size unknown bytes, entry7b.o(.ARM.Collect$$$$00000008))

<P><STRONG><a name="[31]"></a>_main_cpp_init</STRONG> (Thumb, 0 bytes, Stack size unknown bytes, entry8b.o(.ARM.Collect$$$$0000000A))

<P><STRONG><a name="[32]"></a>_main_init</STRONG> (Thumb, 0 bytes, Stack size unknown bytes, entry9a.o(.ARM.Collect$$$$0000000B))

<P><STRONG><a name="[33]"></a>__rt_final_cpp</STRONG> (Thumb, 0 bytes, Stack size unknown bytes, entry10a.o(.ARM.Collect$$$$0000000D))

<P><STRONG><a name="[34]"></a>__rt_final_exit</STRONG> (Thumb, 0 bytes, Stack size unknown bytes, entry11a.o(.ARM.Collect$$$$0000000F))

<P><STRONG><a name="[0]"></a>Reset_Handler</STRONG> (Thumb, 8 bytes, Stack size 0 bytes, startup_gvm32f030.o(.text))
<BR>[Address Reference Count : 1]<UL><LI> startup_gvm32f030.o(RESET)
</UL>
<P><STRONG><a name="[1]"></a>NMI_Handler</STRONG> (Thumb, 2 bytes, Stack size 0 bytes, startup_gvm32f030.o(.text))
<BR><BR>[Calls]<UL><LI><a href="#[1]">&gt;&gt;</a>&nbsp;&nbsp;&nbsp;NMI_Handler
</UL>
<BR>[Called By]<UL><LI><a href="#[1]">&gt;&gt;</a>&nbsp;&nbsp;&nbsp;NMI_Handler
</UL>
<BR>[Address Reference Count : 1]<UL><LI> startup_gvm32f030.o(RESET)
</UL>
<P><STRONG><a name="[2]"></a>HardFault_Handler</STRONG> (Thumb, 2 bytes, Stack size 0 bytes, startup_gvm32f030.o(.text))
<BR><BR>[Calls]<UL><LI><a href="#[2]">&gt;&gt;</a>&nbsp;&nbsp;&nbsp;HardFault_Handler
</UL>
<BR>[Called By]<UL><LI><a href="#[2]">&gt;&gt;</a>&nbsp;&nbsp;&nbsp;HardFault_Handler
</UL>
<BR>[Address Reference Count : 1]<UL><LI> startup_gvm32f030.o(RESET)
</UL>
<P><STRONG><a name="[3]"></a>SVC_Handler</STRONG> (Thumb, 2 bytes, Stack size 0 bytes, startup_gvm32f030.o(.text))
<BR><BR>[Calls]<UL><LI><a href="#[3]">&gt;&gt;</a>&nbsp;&nbsp;&nbsp;SVC_Handler
</UL>
<BR>[Called By]<UL><LI><a href="#[3]">&gt;&gt;</a>&nbsp;&nbsp;&nbsp;SVC_Handler
</UL>
<BR>[Address Reference Count : 1]<UL><LI> startup_gvm32f030.o(RESET)
</UL>
<P><STRONG><a name="[4]"></a>PendSV_Handler</STRONG> (Thumb, 2 bytes, Stack size 0 bytes, startup_gvm32f030.o(.text))
<BR><BR>[Calls]<UL><LI><a href="#[4]">&gt;&gt;</a>&nbsp;&nbsp;&nbsp;PendSV_Handler
</UL>
<BR>[Called By]<UL><LI><a href="#[4]">&gt;&gt;</a>&nbsp;&nbsp;&nbsp;PendSV_Handler
</UL>
<BR>[Address Reference Count : 1]<UL><LI> startup_gvm32f030.o(RESET)
</UL>
<P><STRONG><a name="[f]"></a>ADC_IRQHandler</STRONG> (Thumb, 0 bytes, Stack size 0 bytes, startup_gvm32f030.o(.text))
<BR><BR>[Calls]<UL><LI><a href="#[f]">&gt;&gt;</a>&nbsp;&nbsp;&nbsp;ADC_IRQHandler
</UL>
<BR>[Called By]<UL><LI><a href="#[f]">&gt;&gt;</a>&nbsp;&nbsp;&nbsp;ADC_IRQHandler
</UL>
<BR>[Address Reference Count : 1]<UL><LI> startup_gvm32f030.o(RESET)
</UL>
<P><STRONG><a name="[11]"></a>BOD_IRQHandler</STRONG> (Thumb, 0 bytes, Stack size 0 bytes, startup_gvm32f030.o(.text))
<BR>[Address Reference Count : 1]<UL><LI> startup_gvm32f030.o(RESET)
</UL>
<P><STRONG><a name="[12]"></a>GPIOA_IRQHandler</STRONG> (Thumb, 0 bytes, Stack size 0 bytes, startup_gvm32f030.o(.text))
<BR>[Address Reference Count : 1]<UL><LI> startup_gvm32f030.o(RESET)
</UL>
<P><STRONG><a name="[13]"></a>GPIOB_IRQHandler</STRONG> (Thumb, 0 bytes, Stack size 0 bytes, startup_gvm32f030.o(.text))
<BR>[Address Reference Count : 1]<UL><LI> startup_gvm32f030.o(RESET)
</UL>
<P><STRONG><a name="[14]"></a>GPIOC_IRQHandler</STRONG> (Thumb, 0 bytes, Stack size 0 bytes, startup_gvm32f030.o(.text))
<BR>[Address Reference Count : 1]<UL><LI> startup_gvm32f030.o(RESET)
</UL>
<P><STRONG><a name="[8]"></a>I2C_IRQHandler</STRONG> (Thumb, 0 bytes, Stack size 0 bytes, startup_gvm32f030.o(.text))
<BR>[Address Reference Count : 1]<UL><LI> startup_gvm32f030.o(RESET)
</UL>
<P><STRONG><a name="[7]"></a>PWM_Fault_IRQHandler</STRONG> (Thumb, 0 bytes, Stack size 0 bytes, startup_gvm32f030.o(.text))
<BR>[Address Reference Count : 1]<UL><LI> startup_gvm32f030.o(RESET)
</UL>
<P><STRONG><a name="[17]"></a>PWM_Reload_IRQHandler</STRONG> (Thumb, 0 bytes, Stack size 0 bytes, startup_gvm32f030.o(.text))
<BR>[Address Reference Count : 1]<UL><LI> startup_gvm32f030.o(RESET)
</UL>
<P><STRONG><a name="[15]"></a>RTC_IRQHandler</STRONG> (Thumb, 0 bytes, Stack size 0 bytes, startup_gvm32f030.o(.text))
<BR>[Address Reference Count : 1]<UL><LI> startup_gvm32f030.o(RESET)
</UL>
<P><STRONG><a name="[16]"></a>SPI_IRQHandler</STRONG> (Thumb, 0 bytes, Stack size 0 bytes, startup_gvm32f030.o(.text))
<BR>[Address Reference Count : 1]<UL><LI> startup_gvm32f030.o(RESET)
</UL>
<P><STRONG><a name="[9]"></a>TIM0_IRQHandler</STRONG> (Thumb, 0 bytes, Stack size 0 bytes, startup_gvm32f030.o(.text))
<BR>[Address Reference Count : 1]<UL><LI> startup_gvm32f030.o(RESET)
</UL>
<P><STRONG><a name="[a]"></a>TIM1_IRQHandler</STRONG> (Thumb, 0 bytes, Stack size 0 bytes, startup_gvm32f030.o(.text))
<BR>[Address Reference Count : 1]<UL><LI> startup_gvm32f030.o(RESET)
</UL>
<P><STRONG><a name="[b]"></a>TIM2_IRQHandler</STRONG> (Thumb, 0 bytes, Stack size 0 bytes, startup_gvm32f030.o(.text))
<BR>[Address Reference Count : 1]<UL><LI> startup_gvm32f030.o(RESET)
</UL>
<P><STRONG><a name="[c]"></a>TIM3_IRQHandler</STRONG> (Thumb, 0 bytes, Stack size 0 bytes, startup_gvm32f030.o(.text))
<BR>[Address Reference Count : 1]<UL><LI> startup_gvm32f030.o(RESET)
</UL>
<P><STRONG><a name="[d]"></a>UART0_IRQHandler</STRONG> (Thumb, 0 bytes, Stack size 0 bytes, startup_gvm32f030.o(.text))
<BR>[Address Reference Count : 1]<UL><LI> startup_gvm32f030.o(RESET)
</UL>
<P><STRONG><a name="[e]"></a>UART1_IRQHandler</STRONG> (Thumb, 0 bytes, Stack size 0 bytes, startup_gvm32f030.o(.text))
<BR>[Address Reference Count : 1]<UL><LI> startup_gvm32f030.o(RESET)
</UL>
<P><STRONG><a name="[10]"></a>WDT_IRQHandler</STRONG> (Thumb, 0 bytes, Stack size 0 bytes, startup_gvm32f030.o(.text))
<BR>[Address Reference Count : 1]<UL><LI> startup_gvm32f030.o(RESET)
</UL>
<P><STRONG><a name="[6]"></a>WakeUp_IRQHandler</STRONG> (Thumb, 0 bytes, Stack size 0 bytes, startup_gvm32f030.o(.text))
<BR>[Address Reference Count : 1]<UL><LI> startup_gvm32f030.o(RESET)
</UL>
<P><STRONG><a name="[35]"></a>__aeabi_uidiv</STRONG> (Thumb, 0 bytes, Stack size 12 bytes, uidiv.o(.text), UNUSED)

<P><STRONG><a name="[2c]"></a>__aeabi_uidivmod</STRONG> (Thumb, 44 bytes, Stack size 12 bytes, uidiv.o(.text))
<BR><BR>[Stack]<UL><LI>Max Depth = 12<LI>Call Chain = __aeabi_uidivmod
</UL>
<BR>[Called By]<UL><LI><a href="#[23]">&gt;&gt;</a>&nbsp;&nbsp;&nbsp;UART_Init
<LI><a href="#[2a]">&gt;&gt;</a>&nbsp;&nbsp;&nbsp;micros
</UL>

<P><STRONG><a name="[1e]"></a>__aeabi_uldivmod</STRONG> (Thumb, 96 bytes, Stack size 48 bytes, uldiv.o(.text), UNUSED)
<BR><BR>[Calls]<UL><LI><a href="#[1f]">&gt;&gt;</a>&nbsp;&nbsp;&nbsp;__aeabi_llsr
<LI><a href="#[20]">&gt;&gt;</a>&nbsp;&nbsp;&nbsp;__aeabi_llsl
</UL>
<BR>[Called By]<UL><LI><a href="#[2e]">&gt;&gt;</a>&nbsp;&nbsp;&nbsp;_printf_core
</UL>

<P><STRONG><a name="[1d]"></a>__scatterload</STRONG> (Thumb, 28 bytes, Stack size 0 bytes, init.o(.text))
<BR><BR>[Calls]<UL><LI><a href="#[21]">&gt;&gt;</a>&nbsp;&nbsp;&nbsp;__main_after_scatterload
</UL>
<BR>[Called By]<UL><LI><a href="#[1c]">&gt;&gt;</a>&nbsp;&nbsp;&nbsp;_main_scatterload
</UL>

<P><STRONG><a name="[36]"></a>__scatterload_rt2</STRONG> (Thumb, 0 bytes, Stack size 0 bytes, init.o(.text), UNUSED)

<P><STRONG><a name="[20]"></a>__aeabi_llsl</STRONG> (Thumb, 32 bytes, Stack size 8 bytes, llshl.o(.text), UNUSED)
<BR><BR>[Called By]<UL><LI><a href="#[1e]">&gt;&gt;</a>&nbsp;&nbsp;&nbsp;__aeabi_uldivmod
</UL>

<P><STRONG><a name="[37]"></a>_ll_shift_l</STRONG> (Thumb, 0 bytes, Stack size 8 bytes, llshl.o(.text), UNUSED)

<P><STRONG><a name="[1f]"></a>__aeabi_llsr</STRONG> (Thumb, 34 bytes, Stack size 8 bytes, llushr.o(.text), UNUSED)
<BR><BR>[Called By]<UL><LI><a href="#[1e]">&gt;&gt;</a>&nbsp;&nbsp;&nbsp;__aeabi_uldivmod
</UL>

<P><STRONG><a name="[38]"></a>_ll_ushift_r</STRONG> (Thumb, 0 bytes, Stack size 8 bytes, llushr.o(.text), UNUSED)

<P><STRONG><a name="[22]"></a>BSP_Init</STRONG> (Thumb, 30 bytes, Stack size 8 bytes, bsp.o(i.BSP_Init))
<BR><BR>[Stack]<UL><LI>Max Depth = 40<LI>Call Chain = BSP_Init &rArr; UART_Init &rArr; __2printf
</UL>
<BR>[Calls]<UL><LI><a href="#[23]">&gt;&gt;</a>&nbsp;&nbsp;&nbsp;UART_Init
<LI><a href="#[25]">&gt;&gt;</a>&nbsp;&nbsp;&nbsp;SysTick_Init
<LI><a href="#[26]">&gt;&gt;</a>&nbsp;&nbsp;&nbsp;MagneticField_Init
<LI><a href="#[24]">&gt;&gt;</a>&nbsp;&nbsp;&nbsp;LED_Init
</UL>
<BR>[Called By]<UL><LI><a href="#[18]">&gt;&gt;</a>&nbsp;&nbsp;&nbsp;main
</UL>

<P><STRONG><a name="[24]"></a>LED_Init</STRONG> (Thumb, 44 bytes, Stack size 8 bytes, led.o(i.LED_Init))
<BR><BR>[Stack]<UL><LI>Max Depth = 32<LI>Call Chain = LED_Init &rArr; __2printf
</UL>
<BR>[Calls]<UL><LI><a href="#[27]">&gt;&gt;</a>&nbsp;&nbsp;&nbsp;__2printf
</UL>
<BR>[Called By]<UL><LI><a href="#[22]">&gt;&gt;</a>&nbsp;&nbsp;&nbsp;BSP_Init
</UL>

<P><STRONG><a name="[26]"></a>MagneticField_Init</STRONG> (Thumb, 100 bytes, Stack size 4 bytes, magneticfield.o(i.MagneticField_Init))
<BR><BR>[Stack]<UL><LI>Max Depth = 16<LI>Call Chain = MagneticField_Init &rArr; PWM_Cmd
</UL>
<BR>[Calls]<UL><LI><a href="#[28]">&gt;&gt;</a>&nbsp;&nbsp;&nbsp;PWM_Cmd
</UL>
<BR>[Called By]<UL><LI><a href="#[22]">&gt;&gt;</a>&nbsp;&nbsp;&nbsp;BSP_Init
</UL>

<P><STRONG><a name="[28]"></a>PWM_Cmd</STRONG> (Thumb, 56 bytes, Stack size 12 bytes, magneticfield.o(i.PWM_Cmd))
<BR><BR>[Stack]<UL><LI>Max Depth = 12<LI>Call Chain = PWM_Cmd
</UL>
<BR>[Called By]<UL><LI><a href="#[26]">&gt;&gt;</a>&nbsp;&nbsp;&nbsp;MagneticField_Init
</UL>

<P><STRONG><a name="[29]"></a>QiControl</STRONG> (Thumb, 22 bytes, Stack size 0 bytes, control.o(i.QiControl))
<BR><BR>[Stack]<UL><LI>Max Depth = 28<LI>Call Chain = QiControl &rArr; SelectControl &rArr; micros &rArr; __aeabi_uidivmod
</UL>
<BR>[Calls]<UL><LI><a href="#[2a]">&gt;&gt;</a>&nbsp;&nbsp;&nbsp;micros
<LI><a href="#[2b]">&gt;&gt;</a>&nbsp;&nbsp;&nbsp;SelectControl
</UL>
<BR>[Called By]<UL><LI><a href="#[18]">&gt;&gt;</a>&nbsp;&nbsp;&nbsp;main
</UL>

<P><STRONG><a name="[2b]"></a>SelectControl</STRONG> (Thumb, 26 bytes, Stack size 8 bytes, control.o(i.SelectControl))
<BR><BR>[Stack]<UL><LI>Max Depth = 28<LI>Call Chain = SelectControl &rArr; micros &rArr; __aeabi_uidivmod
</UL>
<BR>[Calls]<UL><LI><a href="#[2a]">&gt;&gt;</a>&nbsp;&nbsp;&nbsp;micros
</UL>
<BR>[Called By]<UL><LI><a href="#[29]">&gt;&gt;</a>&nbsp;&nbsp;&nbsp;QiControl
</UL>

<P><STRONG><a name="[5]"></a>SysTick_Handler</STRONG> (Thumb, 10 bytes, Stack size 0 bytes, systick.o(i.SysTick_Handler))
<BR>[Address Reference Count : 1]<UL><LI> startup_gvm32f030.o(RESET)
</UL>
<P><STRONG><a name="[25]"></a>SysTick_Init</STRONG> (Thumb, 24 bytes, Stack size 8 bytes, systick.o(i.SysTick_Init))
<BR><BR>[Stack]<UL><LI>Max Depth = 32<LI>Call Chain = SysTick_Init &rArr; __2printf
</UL>
<BR>[Calls]<UL><LI><a href="#[27]">&gt;&gt;</a>&nbsp;&nbsp;&nbsp;__2printf
</UL>
<BR>[Called By]<UL><LI><a href="#[22]">&gt;&gt;</a>&nbsp;&nbsp;&nbsp;BSP_Init
</UL>

<P><STRONG><a name="[19]"></a>SystemInit</STRONG> (Thumb, 18 bytes, Stack size 0 bytes, system_gvm32f030.o(i.SystemInit))
<BR>[Address Reference Count : 1]<UL><LI> startup_gvm32f030.o(.text)
</UL>
<P><STRONG><a name="[23]"></a>UART_Init</STRONG> (Thumb, 116 bytes, Stack size 8 bytes, uart.o(i.UART_Init))
<BR><BR>[Stack]<UL><LI>Max Depth = 32<LI>Call Chain = UART_Init &rArr; __2printf
</UL>
<BR>[Calls]<UL><LI><a href="#[27]">&gt;&gt;</a>&nbsp;&nbsp;&nbsp;__2printf
<LI><a href="#[2c]">&gt;&gt;</a>&nbsp;&nbsp;&nbsp;__aeabi_uidivmod
</UL>
<BR>[Called By]<UL><LI><a href="#[22]">&gt;&gt;</a>&nbsp;&nbsp;&nbsp;BSP_Init
</UL>

<P><STRONG><a name="[2d]"></a>__0printf$4</STRONG> (Thumb, 24 bytes, Stack size 24 bytes, printf4.o(i.__0printf$4), UNUSED)
<BR><BR>[Calls]<UL><LI><a href="#[2e]">&gt;&gt;</a>&nbsp;&nbsp;&nbsp;_printf_core
</UL>

<P><STRONG><a name="[39]"></a>__1printf$4</STRONG> (Thumb, 0 bytes, Stack size 24 bytes, printf4.o(i.__0printf$4), UNUSED)

<P><STRONG><a name="[27]"></a>__2printf</STRONG> (Thumb, 0 bytes, Stack size 24 bytes, printf4.o(i.__0printf$4))
<BR><BR>[Stack]<UL><LI>Max Depth = 24<LI>Call Chain = __2printf
</UL>
<BR>[Called By]<UL><LI><a href="#[23]">&gt;&gt;</a>&nbsp;&nbsp;&nbsp;UART_Init
<LI><a href="#[25]">&gt;&gt;</a>&nbsp;&nbsp;&nbsp;SysTick_Init
<LI><a href="#[24]">&gt;&gt;</a>&nbsp;&nbsp;&nbsp;LED_Init
</UL>

<P><STRONG><a name="[3a]"></a>__scatterload_copy</STRONG> (Thumb, 14 bytes, Stack size unknown bytes, handlers.o(i.__scatterload_copy), UNUSED)

<P><STRONG><a name="[3b]"></a>__scatterload_null</STRONG> (Thumb, 2 bytes, Stack size unknown bytes, handlers.o(i.__scatterload_null), UNUSED)

<P><STRONG><a name="[3c]"></a>__scatterload_zeroinit</STRONG> (Thumb, 14 bytes, Stack size unknown bytes, handlers.o(i.__scatterload_zeroinit), UNUSED)

<P><STRONG><a name="[1b]"></a>fputc</STRONG> (Thumb, 18 bytes, Stack size 0 bytes, uart.o(i.fputc))
<BR>[Address Reference Count : 1]<UL><LI> printf4.o(i.__0printf$4)
</UL>
<P><STRONG><a name="[18]"></a>main</STRONG> (Thumb, 14 bytes, Stack size 8 bytes, main.o(i.main))
<BR><BR>[Stack]<UL><LI>Max Depth = 48<LI>Call Chain = main &rArr; BSP_Init &rArr; UART_Init &rArr; __2printf
</UL>
<BR>[Calls]<UL><LI><a href="#[29]">&gt;&gt;</a>&nbsp;&nbsp;&nbsp;QiControl
<LI><a href="#[22]">&gt;&gt;</a>&nbsp;&nbsp;&nbsp;BSP_Init
</UL>
<BR>[Address Reference Count : 1]<UL><LI> entry9a.o(.ARM.Collect$$$$0000000B)
</UL>
<P><STRONG><a name="[2a]"></a>micros</STRONG> (Thumb, 38 bytes, Stack size 8 bytes, systick.o(i.micros))
<BR><BR>[Stack]<UL><LI>Max Depth = 20<LI>Call Chain = micros &rArr; __aeabi_uidivmod
</UL>
<BR>[Calls]<UL><LI><a href="#[2c]">&gt;&gt;</a>&nbsp;&nbsp;&nbsp;__aeabi_uidivmod
</UL>
<BR>[Called By]<UL><LI><a href="#[2b]">&gt;&gt;</a>&nbsp;&nbsp;&nbsp;SelectControl
<LI><a href="#[29]">&gt;&gt;</a>&nbsp;&nbsp;&nbsp;QiControl
</UL>
<P>
<H3>
Local Symbols
</H3>
<P><STRONG><a name="[2e]"></a>_printf_core</STRONG> (Thumb, 560 bytes, Stack size 96 bytes, printf4.o(i._printf_core), UNUSED)
<BR><BR>[Calls]<UL><LI><a href="#[1e]">&gt;&gt;</a>&nbsp;&nbsp;&nbsp;__aeabi_uldivmod
</UL>
<BR>[Called By]<UL><LI><a href="#[2d]">&gt;&gt;</a>&nbsp;&nbsp;&nbsp;__0printf$4
</UL>
<P>
<H3>
Undefined Global Symbols
</H3><HR></body></html>
